[2026-07-27T08:29:47.433Z] Scheduler registered — will run at 00:05 AM on the 1st of every month (IST).
[2026-07-27T08:30:20.831Z] Scheduler registered — will run at 00:05 AM on the 1st of every month (IST).
[2026-07-27T08:31:01.662Z] Scheduler registered — will run at 00:05 AM on the 1st of every month (IST).
[2026-07-27T08:42:24.828Z] Scheduler registered — will run at 00:05 AM on the 1st of every month (IST).
[2026-07-27T09:02:35.906Z] Scheduler registered — will run at 00:05 AM on the 1st of every month (IST).
[2026-07-27T10:05:50.149Z] Scheduler registered — will run at 00:05 AM on the 1st of every month (IST).
[2026-07-27T10:08:56.228Z] Scheduler registered — will run at 00:05 AM on the 1st of every month (IST).
[2026-07-27T10:11:06.530Z] Scheduler registered — will run at 00:05 AM on the 1st of every month (IST).
[2026-07-27T10:11:34.041Z] Scheduler registered — will run at 00:05 AM on the 1st of every month (IST).
[2026-07-27T10:22:22.414Z] Scheduler registered — will run at 00:05 AM on the 1st of every month (IST).
[2026-07-27T10:38:22.569Z] Scheduler registered — will run at 00:05 AM on the 1st of every month (IST).
[2026-07-27T10:42:04.054Z] ========================================
[2026-07-27T10:42:04.055Z] JOB STARTED — Generating summary for June 2026
[2026-07-27T10:42:04.169Z] WARNING: No bill data found for June 2026. PDF generation skipped.
[2026-07-27T10:42:04.171Z] JOB FINISHED (no data)
[2026-07-27T10:44:03.100Z] Scheduler registered — will run at 00:05 AM on the 1st of every month (IST).
[2026-07-27T10:44:25.688Z] Scheduler registered — will run at 00:05 AM on the 1st of every month (IST).
[2026-07-27T11:14:52.303Z] Scheduler registered — will run at 00:05 AM on the 1st of every month (IST).
[2026-07-27T11:20:45.419Z] Scheduler registered — will run at 00:05 AM on the 1st of every month (IST).
[2026-07-28T14:19:31.823Z] Scheduler registered — will run at 00:05 AM on the 1st of every month (IST).
[2026-07-28T14:27:55.736Z] ========================================
[2026-07-28T14:27:55.741Z] JOB STARTED — Generating summary for June 2026
[2026-07-28T14:27:55.892Z] WARNING: No bill data found for June 2026. PDF generation skipped.
[2026-07-28T14:27:55.894Z] JOB FINISHED (no data)
